{Start 7 tests} Running 7 tests {GreenYellowRed::test_Start_green()} . {GreenYellowRed::test_Green_again()}
In GreenYellowRed::test_Green_again:
test/../sample/gui/GreenYellowRed.h(26): Trace: Still green
. {GreenYellowRed::test_Now_yellow()}  {Yellow}
In GreenYellowRed::test_Now_yellow:
test/../sample/gui/GreenYellowRed.h(32): Warning: Yellow
. {GreenYellowRed::test_Cannot_go_back()} . {GreenYellowRed::test_Finally_red()}  {Red}
In GreenYellowRed::test_Finally_red:
test/../sample/gui/GreenYellowRed.h(43): Error: Test failed: Red
{GreenYellowRed::test_Cannot_go_back_to_yellow()} In GreenYellowRed::test_Cannot_go_back_to_yellow:
test/../sample/gui/GreenYellowRed.h(49): Warning: Yellow?
. {GreenYellowRed::test_Cannot_go_back_to_green()} . {Stop}
Failed 1 of 7 tests
Success rate: 85%
Error level = 1
