Running 14 tests
In CreatedTest::test_nothing:
sample/CreatedTest.h(26): Error: Test failed: Nothing to test
.
In EnumTraits::test_Enum_traits:
sample/EnumTraits.h(32): Error: Test failed: Yes
sample/EnumTraits.h(33): Error: Test failed: No
sample/EnumTraits.h(34): Error: Test failed: Maybe
sample/EnumTraits.h(35): Error: Test failed: DontKnow
sample/EnumTraits.h(36): Error: Test failed: DontCare
sample/EnumTraits.h(37): Error: Test failed: (Answer)1000
In ExceptionTest::testAssertion:
sample/ExceptionTest.h(20): Error: Expected (throwThis(5)) to throw (const char *) but it threw something else
sample/ExceptionTest.h(22): Error: Expected (goodFunction(1)) to throw (...) but it didn't throw
sample/ExceptionTest.h(24): Error: Test failed: Unhandled exception
sample/ExceptionTest.h(26): Error: Expected (throwThis(-1)) not to throw, but it did
sample/ExceptionTest.h(31): Error: Test failed: throwThis(3) failed
In FixtureTest::test_strcpy:
sample/FixtureTest.h(32): Error: Expected (_buffer[1] == 'E'), found ('e' != 'E')
In MessageTest::testValues:
sample/MessageTest.h(24): Error: Test failed: My hovercraft
sample/MessageTest.h(24): Error: Assertion failed: value != 0
sample/MessageTest.h(25): Error: Test failed: of eels
sample/MessageTest.h(25): Error: Expected (value == value * value), found (2 != 4)
In SimpleTest::testEquality:
sample/SimpleTest.h(16): Error: Expected (1 == 2), found (1 != 2)
sample/SimpleTest.h(17): Error: Expected ('a' == 'A'), found ('a' != 'A')
sample/SimpleTest.h(18): Error: Expected (1.0 == -12345678900000000000000000000000000000000000000000.1234), found (1.0000 != -1.2345E50)
In SimpleTest::testAddition:
sample/SimpleTest.h(24): Error: Expected (2 + 2 == 5), found (4 != 5)
In SimpleTest::TestMultiplication:
sample/SimpleTest.h(30): Error: Expected (4 * 4 == 44), found (16 != 44)
sample/SimpleTest.h(31): Error: Expected (-2 * -2 != 4), found (4)
In SimpleTest::testComparison:
sample/SimpleTest.h(37): Error: Expected (-1 < -2), found (-1 >= -2)
In SimpleTest::testTheWorldIsCrazy:
sample/SimpleTest.h(42): Error: Expected (true == false), found (true != false)
In SimpleTest::test_Failure:
sample/SimpleTest.h(47): Error: Test failed: Not implemented
sample/SimpleTest.h(48): Error: Test failed: 1569779912
In SimpleTest::test_TS_WARN_macro:
sample/SimpleTest.h(53): Warning: Just a friendly warning
sample/SimpleTest.h(54): Warning: Warnings don't abort the test
.
In TestFunky::testPets:
sample/TraitsTest.h(59): Error: Expected (pet1 == pet2), found (Pet("dog") != Pet("cat"))
sample/TraitsTest.h(61): Error: Expected (cat != gato), found (Pet("cat"))
sample/TraitsTest.h(64): Error: Expected (String("Hello") == String("World!")), found ("Hello" != "World!")
Failed 12 of 14 tests
Success rate: 14%
Error level = 12
